// Jest Snapshot v1, https://goo.gl/fbAQLP

exports[`The stage loader module should load the stage state from a stage design 1`] = `
Object {
  "enemies": Array [
    Object {
      "isDead": false,
      "movement": Object {
        "acceleration": Object {
          "x": -0.15,
          "y": 0,
        },
        "position": Object {
          "x": 0,
          "y": 0,
        },
        "velocity": Object {
          "x": 0,
          "y": 0,
        },
      },
      "sprite": Object {
        "coordinates": Object {
          "position": Object {
            "x": 2,
            "y": 155,
          },
          "size": Object {
            "height": 16,
            "width": 16,
          },
        },
        "image": "ENEMIES",
      },
      "traits": Array [
        "SIDEWAYS_WALKER",
        "BOUCEABLE",
      ],
      "type": "GOOMBA",
    },
  ],
  "mario": Object {
    "isDead": false,
    "movement": Object {
      "acceleration": Object {
        "x": 0,
        "y": 0,
      },
      "position": Object {
        "x": 0,
        "y": 0,
      },
      "velocity": Object {
        "x": 0,
        "y": 0,
      },
    },
    "sprite": Object {
      "coordinates": Object {
        "position": Object {
          "x": 216,
          "y": 89,
        },
        "size": Object {
          "height": 15,
          "width": 14,
        },
      },
      "image": "MARIO",
    },
  },
  "patterns": Array [
    Object {
      "movement": Object {
        "acceleration": Object {
          "x": 0,
          "y": 0,
        },
        "position": Object {
          "x": 0,
          "y": 0,
        },
        "velocity": Object {
          "x": 0,
          "y": 0,
        },
      },
      "pattern": Object {
        "type": "BRICK",
      },
      "traits": Array [
        "SOLID",
        "BREAKABLE",
      ],
    },
  ],
}
`;
